* using log directory ‘/Volumes/bigbrain/scripts/sean/rave-pipeline-sean/EZMultitaper.Rcheck’
* using R version 4.5.1 (2025-06-13)
* using platform: x86_64-apple-darwin20
* R was compiled by
    Apple clang version 14.0.0 (clang-1400.0.29.202)
    GNU Fortran (GCC) 14.2.0
* running under: macOS Sonoma 14.3
* using session charset: UTF-8
* using options ‘--no-manual --as-cran’
* checking for file ‘EZMultitaper/DESCRIPTION’ ... OK
* checking extension type ... Package
* this is package ‘EZMultitaper’ version ‘0.99.0’
* package encoding: UTF-8
* checking package namespace information ... OK
* checking package dependencies ... OK
* checking if this is a source package ... OK
* checking if there is a namespace ... OK
* checking for executable files ... OK
* checking for hidden files and directories ... OK
* checking for portable file names ... OK
* checking for sufficient/correct file permissions ... OK
* checking whether package ‘EZMultitaper’ can be installed ... WARNING
Found the following significant warnings:
  Warning: /Volumes/bigbrain/scripts/sean/rave-pipeline-sean/EZMultitaper.Rcheck/00_pkg_src/EZMultitaper/man/multitaperSpectrogramR.Rd:36: unexpected TEXT 'as floor(2*time_bandwidth - 1)', expecting ']'
See ‘/Volumes/bigbrain/scripts/sean/rave-pipeline-sean/EZMultitaper.Rcheck/00install.out’ for details.
* checking installed package size ... OK
* checking package directory ... OK
* checking for future file timestamps ... NOTE
unable to verify current time
* checking ‘build’ directory ... OK
* checking DESCRIPTION meta-information ... NOTE
Malformed Description field: should contain one or more complete sentences.
Invalid license file pointers: LICENSE
* checking top-level files ... NOTE
Non-standard file/directory found at top level:
  ‘scripts’
* checking for left-over files ... OK
* checking index information ... OK
* checking package subdirectories ... OK
* checking code files for non-ASCII characters ... OK
* checking R files for syntax errors ... OK
* checking whether the package can be loaded ... OK
* checking whether the package can be loaded with stated dependencies ... OK
* checking whether the package can be unloaded cleanly ... OK
* checking whether the namespace can be loaded with stated dependencies ... NOTE
Warning: no function found corresponding to methods exports from ‘EZMultitaper’ for: ‘show’

A namespace must be able to be loaded with just the base namespace
loaded: otherwise if the namespace gets loaded by a saved object, the
session will be unable to start.

Probably some imports need to be declared in the NAMESPACE file.
* checking whether the namespace can be unloaded cleanly ... OK
* checking loading without being on the library search path ... OK
* checking dependencies in R code ... WARNING
'::' or ':::' import not declared from: ‘reshape2’
'library' or 'require' call not declared from: ‘pracma’
'library' or 'require' call to ‘pracma’ in package code.
  Please use :: or requireNamespace() instead.
  See section 'Suggested packages' in the 'Writing R Extensions' manual.
Namespaces in Imports field not imported from:
  ‘ggplot2’ ‘ggtext’ ‘glmnet’ ‘pracma’ ‘rlang’ ‘signal’ ‘stats’
  All declared Imports should be used.
Package in Depends field not imported from: ‘Epoch’
  These packages need to be imported from (in the NAMESPACE file)
  for when this namespace is loaded but not attached.
* checking S3 generic/method consistency ... OK
* checking replacement functions ... OK
* checking foreign function calls ... OK
* checking R code for possible problems ... NOTE
.MeanPowBand: no visible global function definition for ‘new’
PowStat: no visible global function definition for ‘new’
calcStat: no visible binding for global variable ‘sd’
calcStat : <anonymous>: no visible global function definition for ‘sd’
calc_mts_segment: no visible global function definition for ‘detrend’
calc_mts_segment: no visible binding for global variable ‘fft’
calc_mts_segment: no visible global function definition for ‘repmat’
checkIndex: no visible global function definition for ‘is’
checkIndex: no visible global function definition for ‘glue’
estimateSOZ: no visible global function definition for ‘is’
estimateSOZ: no visible binding for global variable ‘median’
makeHeatMap: no visible global function definition for ‘ggplot’
makeHeatMap: no visible global function definition for ‘geom_tile’
makeHeatMap: no visible global function definition for ‘aes’
makeHeatMap: no visible binding for global variable ‘.data’
makeHeatMap: no visible global function definition for
  ‘scale_x_discrete’
makeHeatMap: no visible global function definition for
  ‘scale_y_discrete’
makeHeatMap: no visible global function definition for ‘theme’
makeHeatMap: no visible global function definition for
  ‘element_markdown’
makeHeatMap: no visible global function definition for ‘theme_minimal’
meanPowBaselineBand: no visible global function definition for
  ‘tblData’
multitaperSpectrogramR: no visible global function definition for
  ‘registerDoSEQ’
multitaperSpectrogramR: no visible global function definition for ‘png’
multitaperSpectrogramR: no visible global function definition for
  ‘dev.off’
multitaperSpectrogramR: no visible global function definition for
  ‘readPNG’
multitaperSpectrogramR: no visible global function definition for
  ‘plot.new’
multitaperSpectrogramR: no visible global function definition for
  ‘rasterImage’
plotPowDistribution: no visible global function definition for
  ‘rolling_mean’
plotPowDistribution: no visible global function definition for
  ‘setNames’
plotPowDistribution: no visible global function definition for ‘ggplot’
plotPowDistribution: no visible global function definition for ‘aes’
plotPowDistribution: no visible binding for global variable ‘.data’
plotPowDistribution: no visible global function definition for ‘xlab’
plotPowDistribution: no visible global function definition for ‘ylab’
plotPowDistribution: no visible global function definition for
  ‘geom_line’
plotPowDistribution: no visible global function definition for
  ‘geom_ribbon’
plotPowDistribution: no visible global function definition for
  ‘scale_color_manual’
plotPowDistribution: no visible global function definition for ‘theme’
plotPowDistribution: no visible global function definition for
  ‘element_text’
plotPowQuantile: no visible global function definition for ‘labs’
plotPowQuantile: no visible global function definition for ‘theme’
plotPowQuantile: no visible global function definition for
  ‘element_text’
powStat: no visible global function definition for ‘is’
powStat: no visible binding for global variable ‘quantile’
$,MeanPowBand: no visible global function definition for ‘slot’
$,PowStat: no visible global function definition for ‘slot’
$<-,MeanPowBand: no visible global function definition for ‘slot<-’
$<-,PowStat: no visible global function definition for ‘slot<-’
plot,MeanPowBand-missing: no visible global function definition for
  ‘labs’
plot,MeanPowBand-missing: no visible global function definition for
  ‘theme’
plot,MeanPowBand-missing: no visible global function definition for
  ‘element_text’
plot,MeanPowBand-missing: no visible global function definition for
  ‘element_markdown’
Undefined global functions or variables:
  .data aes detrend dev.off element_markdown element_text fft geom_line
  geom_ribbon geom_tile ggplot glue is labs median new plot.new png
  quantile rasterImage readPNG registerDoSEQ repmat rolling_mean
  scale_color_manual scale_x_discrete scale_y_discrete sd setNames slot
  slot<- tblData theme theme_minimal xlab ylab
Consider adding
  importFrom("grDevices", "dev.off", "png")
  importFrom("graphics", "plot.new", "rasterImage")
  importFrom("methods", "is", "new", "slot", "slot<-")
  importFrom("stats", "fft", "median", "quantile", "sd", "setNames")
to your NAMESPACE file (and ensure that your DESCRIPTION Imports field
contains 'methods').
* checking Rd files ... WARNING
prepare_Rd: ./man/multitaperSpectrogramR.Rd:36: unexpected TEXT 'as floor(2*time_bandwidth - 1)', expecting ']'
* checking Rd metadata ... OK
* checking Rd line widths ... NOTE
Rd file 'meanPowBaselineBand.Rd':
  \examples lines wider than 100 characters:
     betaBandPow<-meanPowBaselineBand( epoch=epoch, fs=1000, windowParams=windowParams, rangeBand=betaBand)

Rd file 'multitaperSpectrogramR.Rd':
  \examples lines wider than 100 characters:
     results = multitaperSpectrogramR(data, fs, frequencyRange, timeBandwidth, numTapers, windowParams, minNfft, weighting, detrendOpt, para ... [TRUNCATED]

These lines will be truncated in the PDF manual.
* checking Rd cross-references ... WARNING
Unknown package ‘as floor(2*time_bandwidth - 1)’ in Rd xrefs
Missing link(s) in Rd file 'multitaperSpectrogramR.Rd':
  ‘5 1’

See section 'Cross-references' in the 'Writing R Extensions' manual.

Found the following Rd file(s) with Rd \link{} targets missing package
anchors:
  multitaperSpectrogramR.Rd: 5 1
Please provide package anchors for all Rd \link{} targets not in the
package itself and the base packages.
* checking for missing documentation entries ... WARNING
Undocumented S4 methods:
  generic '[' and siglist 'MeanPowBand'
All user-level objects in a package (including S4 classes and methods)
should have documentation entries.
See chapter ‘Writing R documentation files’ in the ‘Writing R
Extensions’ manual.
* checking for code/documentation mismatches ... OK
* checking Rd \usage sections ... WARNING
Undocumented arguments in Rd file 'plotPow.Rd'
  ‘ranked’

Functions with \usage entries need to have the appropriate \alias
entries, and all their arguments documented.
The \usage entries must correspond to syntactically valid R code.
See chapter ‘Writing R documentation files’ in the ‘Writing R
Extensions’ manual.
* checking Rd contents ... OK
* checking for unstated dependencies in examples ... OK
* checking installed files from ‘inst/doc’ ... OK
* checking files in ‘vignettes’ ... OK
* checking examples ... ERROR
Running examples in ‘EZMultitaper-Ex.R’ failed
The error most likely occurred in:

> base::assign(".ptime", proc.time(), pos = "CheckExEnv")
> ### Name: meanPowBaselineBand
> ### Title: compute the mean power analysis over the frequency band using
> ###   the multitaper method
> ### Aliases: meanPowBaselineBand
> 
> ### ** Examples
> 
> data("pt01EcoG")
Warning in data("pt01EcoG") : data set ‘pt01EcoG’ not found
> windowParams<-c(0.25,0.1)
> betaBand<-c(13,30)
> epoch <- Epoch(pt01EcoG)
Error: object 'pt01EcoG' not found
Execution halted
* checking for unstated dependencies in vignettes ... OK
* checking package vignettes ... OK
* checking re-building of vignette outputs ... OK
* checking for non-standard things in the check directory ... OK
* checking for detritus in the temp directory ... OK
* DONE
Status: 1 ERROR, 6 WARNINGs, 6 NOTEs
